========================================
Build Anti-Game Controller to EXE
========================================

╨₧╤ç╨╕╤ü╤é╨║╨░ ╨┐╤Ç╨╡╨┤╤ï╨┤╤â╤ë╨╡╨╣ ╤ü╨▒╨╛╤Ç╨║╨╕...
.\build.bat : The directory is not empty.
At line:1 char:163
+ ... e; cd "g:\python project2\antigame_restore"; .\build.bat 2>&1 | Out-F ...
+                                                  ~~~~~~~~~~~~~~~~
    + CategoryInfo          : NotSpecified: (The directory is not empty.:Strin 
   g) [], RemoteException
    + FullyQualifiedErrorId : NativeCommandError
 


Building into %TEMP%\agc_build to avoid AV lock on project folder...
346 INFO: PyInstaller: 6.21.0, contrib hooks: 2026.6
346 INFO: Python: 3.11.9
489 INFO: Platform: Windows-10-10.0.26200-SP0
489 INFO: Python environment: C:\Users\danil\AppData\Local\Programs\Python\Pyth
on311
490 INFO: wrote G:\python project2\antigame_restore\AntiGameController.spec
496 INFO: Module search paths (PYTHONPATH):
['G:\\python project2\\antigame_restore',
 'C:\\Users\\danil\\AppData\\Local\\Programs\\Python\\Python311\\python311.zip'
,
 'C:\\Users\\danil\\AppData\\Local\\Programs\\Python\\Python311\\DLLs',
 'C:\\Users\\danil\\AppData\\Local\\Programs\\Python\\Python311\\Lib',
 'C:\\Users\\danil\\AppData\\Local\\Programs\\Python\\Python311',
 'C:\\Users\\danil\\AppData\\Roaming\\Python\\Python311\\site-packages',
 'C:\\Users\\danil\\AppData\\Local\\Programs\\Python\\Python311\\Lib\\site-pack
ages',
 'G:\\python project2\\antigame_restore']
1515 INFO: Appending 'datas' from .spec
1517 INFO: checking Analysis
1518 INFO: Building Analysis because Analysis-00.toc is non existent
1518 INFO: Looking for Python shared library...
1518 INFO: Using Python shared library: C:\Users\danil\AppData\Local\Programs\P
ython\Python311\python311.dll
1518 INFO: Running Analysis Analysis-00.toc
1518 INFO: Target bytecode optimization level: 0
1518 INFO: Initializing module dependency graph...
1519 INFO: Initializing module graph hook caches...
1547 INFO: Analyzing modules for base_library.zip ...
4589 INFO: Processing standard module hook 'hook-heapq.py' from 'C:\\Users\\dan
il\\AppData\\Local\\Programs\\Python\\Python311\\Lib\\site-packages\\PyInstalle
r\\hooks'
4715 INFO: Processing standard module hook 'hook-encodings.py' from 'C:\\Users\
\danil\\AppData\\Local\\Programs\\Python\\Python311\\Lib\\site-packages\\PyInst
aller\\hooks'
7643 INFO: Processing standard module hook 'hook-math.py' from 'C:\\Users\\dani
l\\AppData\\Local\\Programs\\Python\\Python311\\Lib\\site-packages\\PyInstaller
\\hooks'
7801 INFO: Processing standard module hook 'hook-pickle.py' from 'C:\\Users\\da
nil\\AppData\\Local\\Programs\\Python\\Python311\\Lib\\site-packages\\PyInstall
er\\hooks'
10531 INFO: Caching module dependency graph...
10600 INFO: Analyzing G:\python project2\antigame_restore\main.py
10670 INFO: Processing standard module hook 'hook-PyQt5.py' from 'C:\\Users\\da
nil\\AppData\\Local\\Programs\\Python\\Python311\\Lib\\site-packages\\PyInstall
er\\hooks'
12170 INFO: Processing standard module hook 'hook-PyQt5.QtWidgets.py' from 'C:\
\Users\\danil\\AppData\\Local\\Programs\\Python\\Python311\\Lib\\site-packages\
\PyInstaller\\hooks'
17448 INFO: Processing standard module hook 'hook-PyQt5.QtCore.py' from 'C:\\Us
ers\\danil\\AppData\\Local\\Programs\\Python\\Python311\\Lib\\site-packages\\Py
Installer\\hooks'
24116 INFO: Processing standard module hook 'hook-PyQt5.QtGui.py' from 'C:\\Use
rs\\danil\\AppData\\Local\\Programs\\Python\\Python311\\Lib\\site-packages\\PyI
nstaller\\hooks'
55759 INFO: Processing standard module hook 'hook-cryptography.py' from 'C:\\Us
ers\\danil\\AppData\\Local\\Programs\\Python\\Python311\\Lib\\site-packages\\_p
yinstaller_hooks_contrib\\stdhooks'
58612 INFO: hook-cryptography: cryptography does not seem to be using dynamical
ly linked OpenSSL.
58722 INFO: Processing standard module hook 'hook-_ctypes.py' from 'C:\\Users\\
danil\\AppData\\Local\\Programs\\Python\\Python311\\Lib\\site-packages\\PyInsta
ller\\hooks'
58805 INFO: Processing standard module hook 'hook-psutil.py' from 'C:\\Users\\d
anil\\AppData\\Local\\Programs\\Python\\Python311\\Lib\\site-packages\\_pyinsta
ller_hooks_contrib\\stdhooks'
58927 INFO: Processing standard module hook 'hook-platform.py' from 'C:\\Users\
\danil\\AppData\\Local\\Programs\\Python\\Python311\\Lib\\site-packages\\PyInst
aller\\hooks'
59311 INFO: Processing standard module hook 'hook-sqlite3.py' from 'C:\\Users\\
danil\\AppData\\Local\\Programs\\Python\\Python311\\Lib\\site-packages\\PyInsta
ller\\hooks'
60412 INFO: Processing standard module hook 'hook-PIL.py' from 'C:\\Users\\dani
l\\AppData\\Local\\Programs\\Python\\Python311\\Lib\\site-packages\\PyInstaller
\\hooks'
60593 INFO: Processing standard module hook 'hook-PIL.Image.py' from 'C:\\Users
\\danil\\AppData\\Local\\Programs\\Python\\Python311\\Lib\\site-packages\\PyIns
taller\\hooks'
61590 INFO: Processing standard module hook 'hook-xml.py' from 'C:\\Users\\dani
l\\AppData\\Local\\Programs\\Python\\Python311\\Lib\\site-packages\\PyInstaller
\\hooks'
61616 INFO: Processing standard module hook 'hook-xml.etree.cElementTree.py' fr
om 'C:\\Users\\danil\\AppData\\Local\\Programs\\Python\\Python311\\Lib\\site-pa
ckages\\PyInstaller\\hooks'
61851 INFO: Processing standard module hook 'hook-PIL.ImageFilter.py' from 'C:\
\Users\\danil\\AppData\\Local\\Programs\\Python\\Python311\\Lib\\site-packages\
\PyInstaller\\hooks'
62365 INFO: Processing standard module hook 'hook-webbrowser.py' from 'C:\\User
s\\danil\\AppData\\Local\\Programs\\Python\\Python311\\Lib\\site-packages\\PyIn
staller\\hooks'
62378 INFO: Processing module hooks (post-graph stage)...
63078 INFO: Processing standard module hook 'hook-PIL.SpiderImagePlugin.py' fro
m 'C:\\Users\\danil\\AppData\\Local\\Programs\\Python\\Python311\\Lib\\site-pac
kages\\PyInstaller\\hooks'
63153 WARNING: Hidden import "sip" not found!
63281 INFO: Performing binary vs. data reclassification (117 entries)
63331 INFO: Looking for ctypes DLLs
63386 INFO: Analyzing run-time hooks ...
63388 INFO: Including run-time hook 'pyi_rth_pyqt5.py' from 'C:\\Users\\danil\\
AppData\\Local\\Programs\\Python\\Python311\\Lib\\site-packages\\PyInstaller\\h
ooks\\rthooks'
63391 INFO: Processing pre-find-module-path hook 'hook-_pyi_rth_utils.py' from 
'C:\\Users\\danil\\AppData\\Local\\Programs\\Python\\Python311\\Lib\\site-packa
ges\\PyInstaller\\hooks\\pre_find_module_path'
63392 INFO: Processing standard module hook 'hook-_pyi_rth_utils.py' from 'C:\\
Users\\danil\\AppData\\Local\\Programs\\Python\\Python311\\Lib\\site-packages\\
PyInstaller\\hooks'
63396 INFO: Including run-time hook 'pyi_rth_pkgutil.py' from 'C:\\Users\\danil
\\AppData\\Local\\Programs\\Python\\Python311\\Lib\\site-packages\\PyInstaller\
\hooks\\rthooks'
63399 INFO: Including run-time hook 'pyi_rth_inspect.py' from 'C:\\Users\\danil
\\AppData\\Local\\Programs\\Python\\Python311\\Lib\\site-packages\\PyInstaller\
\hooks\\rthooks'
63402 INFO: Including run-time hook 'pyi_rth_cryptography_openssl.py' from 'C:\
\Users\\danil\\AppData\\Local\\Programs\\Python\\Python311\\Lib\\site-packages\
\_pyinstaller_hooks_contrib\\rthooks'
63417 INFO: Creating base_library.zip...
63454 INFO: Looking for dynamic libraries
63933 INFO: Extra DLL search directories (AddDllDirectory): ['C:\\Users\\danil\
\AppData\\Local\\Programs\\Python\\Python311\\Lib\\site-packages\\PyQt5\\Qt5\\b
in']
63933 INFO: Extra DLL search directories (PATH): ['C:\\Users\\danil\\AppData\\L
ocal\\Programs\\Python\\Python311\\Lib\\site-packages\\PyQt5\\Qt5\\bin']
65913 INFO: Warnings written to C:\Users\danil\AppData\Local\Temp\agc_build_9d0
a5e9a-2831-45ca-b497-9de521f21ab3\build\AntiGameController\warn-AntiGameControl
ler.txt
65974 INFO: Graph cross-reference written to C:\Users\danil\AppData\Local\Temp\
agc_build_9d0a5e9a-2831-45ca-b497-9de521f21ab3\build\AntiGameController\xref-An
tiGameController.html
66013 INFO: checking PYZ
66014 INFO: Building PYZ because PYZ-00.toc is non existent
66014 INFO: Building PYZ (ZlibArchive) C:\Users\danil\AppData\Local\Temp\agc_bu
ild_9d0a5e9a-2831-45ca-b497-9de521f21ab3\build\AntiGameController\PYZ-00.pyz
66433 INFO: Building PYZ (ZlibArchive) C:\Users\danil\AppData\Local\Temp\agc_bu
ild_9d0a5e9a-2831-45ca-b497-9de521f21ab3\build\AntiGameController\PYZ-00.pyz co
mpleted successfully.
66450 INFO: checking PKG
66450 INFO: Building PKG because PKG-00.toc is non existent
66450 INFO: Building PKG (CArchive) AntiGameController.pkg
85013 INFO: Building PKG (CArchive) AntiGameController.pkg completed successful
ly.
85020 INFO: Bootloader C:\Users\danil\AppData\Local\Programs\Python\Python311\L
ib\site-packages\PyInstaller\bootloader\Windows-64bit-intel\runw.exe
85020 INFO: checking EXE
85021 INFO: Building EXE because EXE-00.toc is non existent
85021 INFO: Building EXE from EXE-00.toc
85021 INFO: Copying bootloader EXE to C:\Users\danil\AppData\Local\Temp\agc_bui
ld_9d0a5e9a-2831-45ca-b497-9de521f21ab3\dist\AntiGameController.exe
85026 INFO: Copying icon to EXE
85031 INFO: Copying 0 resources to EXE
85031 INFO: Embedding manifest in EXE
85036 INFO: Appending PKG archive to EXE
85099 INFO: Fixing EXE headers
85482 INFO: Building EXE from EXE-00.toc completed successfully.
85489 INFO: Build complete! The results are available in: C:\Users\danil\AppDat
a\Local\Temp\agc_build_9d0a5e9a-2831-45ca-b497-9de521f21ab3\dist

╨Ü╨╛╨┐╨╕╤Ç╨╛╨▓╨░╨╜╨╕╨╡ EXE ╨▓ dist\...
Access is denied.
========================================
COPY ERROR!
========================================
